src/controllers/authController.ts(247,17): error TS2353: Object literal may only specify known properties, and 'first_name' does not exist in type 'Partial<Omit<User, "id" | "email" | "password_hash" | "role" | "created_at">>'.
src/controllers/transactionController.ts(299,28): error TS2345: Argument of type 'number' is not assignable to parameter of type 'string'.
src/middlewares/auth.ts(78,5): error TS6133: 'res' is declared but its value is never read.
src/middlewares/errorHandler.ts(27,5): error TS6133: 'next' is declared but its value is never read.
src/middlewares/errorHandler.ts(31,9): error TS6133: 'isOperational' is declared but its value is never read.
src/models/Card.ts(1,17): error TS6133: 'getClient' is declared but its value is never read.
src/routes/accountRoutes.ts(4,16): error TS6133: 'param' is declared but its value is never read.
src/services/authService.ts(212,33): error TS2769: No overload matches this call.
  Overload 1 of 5, '(payload: string | object | Buffer<ArrayBufferLike>, secretOrPrivateKey: null, options?: (SignOptions & { algorithm: "none"; }) | undefined): string', gave the following error.
    Argument of type 'string' is not assignable to parameter of type 'null'.
  Overload 2 of 5, '(payload: string | object | Buffer<ArrayBufferLike>, secretOrPrivateKey: Buffer<ArrayBufferLike> | Secret | JsonWebKeyInput | PrivateKeyInput, options?: SignOptions | undefined): string', gave the following error.
    Type 'string' is not assignable to type 'number | StringValue | undefined'.
  Overload 3 of 5, '(payload: string | object | Buffer<ArrayBufferLike>, secretOrPrivateKey: Buffer<ArrayBufferLike> | Secret | JsonWebKeyInput | PrivateKeyInput, callback: SignCallback): void', gave the following error.
    Object literal may only specify known properties, and 'expiresIn' does not exist in type 'SignCallback'.
src/services/authService.ts(216,34): error TS2769: No overload matches this call.
  Overload 1 of 5, '(payload: string | object | Buffer<ArrayBufferLike>, secretOrPrivateKey: null, options?: (SignOptions & { algorithm: "none"; }) | undefined): string', gave the following error.
    Argument of type 'string' is not assignable to parameter of type 'null'.
  Overload 2 of 5, '(payload: string | object | Buffer<ArrayBufferLike>, secretOrPrivateKey: Buffer<ArrayBufferLike> | Secret | JsonWebKeyInput | PrivateKeyInput, options?: SignOptions | undefined): string', gave the following error.
    Type 'string' is not assignable to type 'number | StringValue | undefined'.
  Overload 3 of 5, '(payload: string | object | Buffer<ArrayBufferLike>, secretOrPrivateKey: Buffer<ArrayBufferLike> | Secret | JsonWebKeyInput | PrivateKeyInput, callback: SignCallback): void', gave the following error.
    Object literal may only specify known properties, and 'expiresIn' does not exist in type 'SignCallback'.
src/utils/helpers.ts(1,1): error TS6133: 'uuidv4' is declared but its value is never read.
